
<!DOCTYPE html>
<html style="height: 100%;">
  <head>
  </head>
  <body style="display: flex; flex-flow: column nowrap; justify-content: center; align-items: center; height: 100%;">
    <h2>
      Helper component Form - when rendering with minimal properties - delivers expected result  (-> check snapshot)
    </h2>
    <form class="form">
      <div class="row form-group">
        <div class="col-sm-9 offset-sm-3">
          <button name="submit"
                  value="Submit"
                  class="btn btn-primary"
          >
            Submit
          </button>
        </div>
      </div>
    </form>
    <br>
    <br>
    &lt;FormGenerator fields={{}} handleSubmit={() =&gt; null} />
  </body>
</html>
