<!DOCTYPE html>
<html style="height: 100%;">
  <head></head>
  <body style="display: flex; flex-flow: column nowrap; justify-content: center; align-items: center; height: 100%;">
    <h2>Helper component Form when rendering with minimal properties - delivers expected result (-> check snapshot file)</h2>
    <!-- Content from unit test: -->
    <form class="form">
      <div class="fields"></div>
      <div class="final"><input type="submit" class="submit" value="Submit" /></div>
    </form>
    <!-- End of included content -->
  </body>
</html>
