// Jest Snapshot v1, https://goo.gl/fbAQLP

exports[`Component <Logo /> renders as expected when minimal properties are given (check SNAP file) 1`] = `
<div
  className="emptySVG"
/>
`;
