<svg xmlns="http://www.w3.org/2000/svg" width="95" height="95" style="background-color:yellow"><rect x="25" y="35" width="5" height="5" style="fill:red;stroke-width:0.5;stroke:red"></rect><rect x="20" y="35" width="5" height="5" style="fill:red;stroke-width:0.5;stroke:red"></rect><rect x="15" y="35" width="5" height="5" style="fill:red;stroke-width:0.5;stroke:red"></rect><rect x="10" y="35" width="5" height="5" style="fill:red;stroke-width:0.5;stroke:red"></rect><rect x="5" y="35" width="5" height="5" style="fill:red;stroke-width:0.5;stroke:red"></rect><rect x="5" y="40" width="5" height="5" style="fill:red;stroke-width:0.5;stroke:red"></rect><rect x="5" y="45" width="5" height="5" style="fill:red;stroke-width:0.5;stroke:red"></rect><rect x="5" y="50" width="5" height="5" style="fill:red;stroke-width:0.5;stroke:red"></rect><rect x="5" y="55" width="5" height="5" style="fill:red;stroke-width:0.5;stroke:red"></rect><rect x="10" y="55" width="5" height="5" style="fill:red;stroke-width:0.5;stroke:red"></rect><rect x="15" y="55" width="5" height="5" style="fill:red;stroke-width:0.5;stroke:red"></rect><rect x="20" y="55" width="5" height="5" style="fill:red;stroke-width:0.5;stroke:red"></rect><rect x="25" y="55" width="5" height="5" style="fill:red;stroke-width:0.5;stroke:red"></rect><rect x="35" y="35" width="5" height="5" style="fill:red;stroke-width:0.5;stroke:red"></rect><rect x="40" y="35" width="5" height="5" style="fill:red;stroke-width:0.5;stroke:red"></rect><rect x="45" y="35" width="5" height="5" style="fill:red;stroke-width:0.5;stroke:red"></rect><rect x="50" y="35" width="5" height="5" style="fill:red;stroke-width:0.5;stroke:red"></rect><rect x="55" y="35" width="5" height="5" style="fill:red;stroke-width:0.5;stroke:red"></rect><rect x="45" y="40" width="5" height="5" style="fill:red;stroke-width:0.5;stroke:red"></rect><rect x="45" y="45" width="5" height="5" style="fill:red;stroke-width:0.5;stroke:red"></rect><rect x="45" y="50" width="5" height="5" style="fill:red;stroke-width:0.5;stroke:red"></rect><rect x="45" y="55" width="5" height="5" style="fill:red;stroke-width:0.5;stroke:red"></rect><rect x="85" y="35" width="5" height="5" style="fill:red;stroke-width:0.5;stroke:red"></rect><rect x="80" y="35" width="5" height="5" style="fill:red;stroke-width:0.5;stroke:red"></rect><rect x="75" y="35" width="5" height="5" style="fill:red;stroke-width:0.5;stroke:red"></rect><rect x="70" y="35" width="5" height="5" style="fill:red;stroke-width:0.5;stroke:red"></rect><rect x="65" y="35" width="5" height="5" style="fill:red;stroke-width:0.5;stroke:red"></rect><rect x="65" y="40" width="5" height="5" style="fill:red;stroke-width:0.5;stroke:red"></rect><rect x="65" y="45" width="5" height="5" style="fill:red;stroke-width:0.5;stroke:red"></rect><rect x="70" y="45" width="5" height="5" style="fill:red;stroke-width:0.5;stroke:red"></rect><rect x="75" y="45" width="5" height="5" style="fill:red;stroke-width:0.5;stroke:red"></rect><rect x="80" y="45" width="5" height="5" style="fill:red;stroke-width:0.5;stroke:red"></rect><rect x="85" y="45" width="5" height="5" style="fill:red;stroke-width:0.5;stroke:red"></rect><rect x="85" y="50" width="5" height="5" style="fill:red;stroke-width:0.5;stroke:red"></rect><rect x="85" y="55" width="5" height="5" style="fill:red;stroke-width:0.5;stroke:red"></rect><rect x="80" y="55" width="5" height="5" style="fill:red;stroke-width:0.5;stroke:red"></rect><rect x="75" y="55" width="5" height="5" style="fill:red;stroke-width:0.5;stroke:red"></rect><rect x="70" y="55" width="5" height="5" style="fill:red;stroke-width:0.5;stroke:red"></rect><rect x="65" y="55" width="5" height="5" style="fill:red;stroke-width:0.5;stroke:red"></rect></svg><br/><br/>&lt;Logo text="CTS" background="black" color="white" zoom={5} ratio={1} /&gt;