<!DOCTYPE html>
<html><head></head><body>
<svg xmlns="http://www.w3.org/2000/svg" width="19" height="7" style="background-color:black"><rect x="5" y="1" width="1" height="1" style="fill:white;stroke-width:0.1;stroke:white"></rect><rect x="4" y="1" width="1" height="1" style="fill:white;stroke-width:0.1;stroke:white"></rect><rect x="3" y="1" width="1" height="1" style="fill:white;stroke-width:0.1;stroke:white"></rect><rect x="2" y="1" width="1" height="1" style="fill:white;stroke-width:0.1;stroke:white"></rect><rect x="1" y="1" width="1" height="1" style="fill:white;stroke-width:0.1;stroke:white"></rect><rect x="1" y="2" width="1" height="1" style="fill:white;stroke-width:0.1;stroke:white"></rect><rect x="1" y="3" width="1" height="1" style="fill:white;stroke-width:0.1;stroke:white"></rect><rect x="1" y="4" width="1" height="1" style="fill:white;stroke-width:0.1;stroke:white"></rect><rect x="1" y="5" width="1" height="1" style="fill:white;stroke-width:0.1;stroke:white"></rect><rect x="2" y="5" width="1" height="1" style="fill:white;stroke-width:0.1;stroke:white"></rect><rect x="3" y="5" width="1" height="1" style="fill:white;stroke-width:0.1;stroke:white"></rect><rect x="4" y="5" width="1" height="1" style="fill:white;stroke-width:0.1;stroke:white"></rect><rect x="5" y="5" width="1" height="1" style="fill:white;stroke-width:0.1;stroke:white"></rect><rect x="7" y="1" width="1" height="1" style="fill:white;stroke-width:0.1;stroke:white"></rect><rect x="8" y="1" width="1" height="1" style="fill:white;stroke-width:0.1;stroke:white"></rect><rect x="9" y="1" width="1" height="1" style="fill:white;stroke-width:0.1;stroke:white"></rect><rect x="10" y="1" width="1" height="1" style="fill:white;stroke-width:0.1;stroke:white"></rect><rect x="11" y="1" width="1" height="1" style="fill:white;stroke-width:0.1;stroke:white"></rect><rect x="9" y="2" width="1" height="1" style="fill:white;stroke-width:0.1;stroke:white"></rect><rect x="9" y="3" width="1" height="1" style="fill:white;stroke-width:0.1;stroke:white"></rect><rect x="9" y="4" width="1" height="1" style="fill:white;stroke-width:0.1;stroke:white"></rect><rect x="9" y="5" width="1" height="1" style="fill:white;stroke-width:0.1;stroke:white"></rect><rect x="17" y="1" width="1" height="1" style="fill:white;stroke-width:0.1;stroke:white"></rect><rect x="16" y="1" width="1" height="1" style="fill:white;stroke-width:0.1;stroke:white"></rect><rect x="15" y="1" width="1" height="1" style="fill:white;stroke-width:0.1;stroke:white"></rect><rect x="14" y="1" width="1" height="1" style="fill:white;stroke-width:0.1;stroke:white"></rect><rect x="13" y="1" width="1" height="1" style="fill:white;stroke-width:0.1;stroke:white"></rect><rect x="13" y="2" width="1" height="1" style="fill:white;stroke-width:0.1;stroke:white"></rect><rect x="13" y="3" width="1" height="1" style="fill:white;stroke-width:0.1;stroke:white"></rect><rect x="14" y="3" width="1" height="1" style="fill:white;stroke-width:0.1;stroke:white"></rect><rect x="15" y="3" width="1" height="1" style="fill:white;stroke-width:0.1;stroke:white"></rect><rect x="16" y="3" width="1" height="1" style="fill:white;stroke-width:0.1;stroke:white"></rect><rect x="17" y="3" width="1" height="1" style="fill:white;stroke-width:0.1;stroke:white"></rect><rect x="17" y="4" width="1" height="1" style="fill:white;stroke-width:0.1;stroke:white"></rect><rect x="17" y="5" width="1" height="1" style="fill:white;stroke-width:0.1;stroke:white"></rect><rect x="16" y="5" width="1" height="1" style="fill:white;stroke-width:0.1;stroke:white"></rect><rect x="15" y="5" width="1" height="1" style="fill:white;stroke-width:0.1;stroke:white"></rect><rect x="14" y="5" width="1" height="1" style="fill:white;stroke-width:0.1;stroke:white"></rect><rect x="13" y="5" width="1" height="1" style="fill:white;stroke-width:0.1;stroke:white"></rect></svg><br/><br/>&lt;Logo text="CTS" background="black" color="white" /&gt;
</body></html>