
<!DOCTYPE html>
<html style="height: 100%;">
  <head>
  </head>
  <body style="display: flex; flex-flow: column nowrap; justify-content: center; align-items: center; height: 100%;">
    <h2>
      Component Logo when rendering with styled text 'CTS' and ratio - delivers expected result  (-> check snapshot, too)
    </h2>
    <svg xmlns="http://www.w3.org/2000/svg"
         width="19"
         height="19"
         style="background-color:black"
    >
      <rect x="5"
            y="7"
            width="1"
            height="1"
            style="fill:white;stroke-width:0.1;stroke:white"
      >
      </rect>
      <rect x="4"
            y="7"
            width="1"
            height="1"
            style="fill:white;stroke-width:0.1;stroke:white"
      >
      </rect>
      <rect x="3"
            y="7"
            width="1"
            height="1"
            style="fill:white;stroke-width:0.1;stroke:white"
      >
      </rect>
      <rect x="2"
            y="7"
            width="1"
            height="1"
            style="fill:white;stroke-width:0.1;stroke:white"
      >
      </rect>
      <rect x="1"
            y="7"
            width="1"
            height="1"
            style="fill:white;stroke-width:0.1;stroke:white"
      >
      </rect>
      <rect x="1"
            y="8"
            width="1"
            height="1"
            style="fill:white;stroke-width:0.1;stroke:white"
      >
      </rect>
      <rect x="1"
            y="9"
            width="1"
            height="1"
            style="fill:white;stroke-width:0.1;stroke:white"
      >
      </rect>
      <rect x="1"
            y="10"
            width="1"
            height="1"
            style="fill:white;stroke-width:0.1;stroke:white"
      >
      </rect>
      <rect x="1"
            y="11"
            width="1"
            height="1"
            style="fill:white;stroke-width:0.1;stroke:white"
      >
      </rect>
      <rect x="2"
            y="11"
            width="1"
            height="1"
            style="fill:white;stroke-width:0.1;stroke:white"
      >
      </rect>
      <rect x="3"
            y="11"
            width="1"
            height="1"
            style="fill:white;stroke-width:0.1;stroke:white"
      >
      </rect>
      <rect x="4"
            y="11"
            width="1"
            height="1"
            style="fill:white;stroke-width:0.1;stroke:white"
      >
      </rect>
      <rect x="5"
            y="11"
            width="1"
            height="1"
            style="fill:white;stroke-width:0.1;stroke:white"
      >
      </rect>
      <rect x="7"
            y="7"
            width="1"
            height="1"
            style="fill:white;stroke-width:0.1;stroke:white"
      >
      </rect>
      <rect x="8"
            y="7"
            width="1"
            height="1"
            style="fill:white;stroke-width:0.1;stroke:white"
      >
      </rect>
      <rect x="9"
            y="7"
            width="1"
            height="1"
            style="fill:white;stroke-width:0.1;stroke:white"
      >
      </rect>
      <rect x="10"
            y="7"
            width="1"
            height="1"
            style="fill:white;stroke-width:0.1;stroke:white"
      >
      </rect>
      <rect x="11"
            y="7"
            width="1"
            height="1"
            style="fill:white;stroke-width:0.1;stroke:white"
      >
      </rect>
      <rect x="9"
            y="8"
            width="1"
            height="1"
            style="fill:white;stroke-width:0.1;stroke:white"
      >
      </rect>
      <rect x="9"
            y="9"
            width="1"
            height="1"
            style="fill:white;stroke-width:0.1;stroke:white"
      >
      </rect>
      <rect x="9"
            y="10"
            width="1"
            height="1"
            style="fill:white;stroke-width:0.1;stroke:white"
      >
      </rect>
      <rect x="9"
            y="11"
            width="1"
            height="1"
            style="fill:white;stroke-width:0.1;stroke:white"
      >
      </rect>
      <rect x="17"
            y="7"
            width="1"
            height="1"
            style="fill:white;stroke-width:0.1;stroke:white"
      >
      </rect>
      <rect x="16"
            y="7"
            width="1"
            height="1"
            style="fill:white;stroke-width:0.1;stroke:white"
      >
      </rect>
      <rect x="15"
            y="7"
            width="1"
            height="1"
            style="fill:white;stroke-width:0.1;stroke:white"
      >
      </rect>
      <rect x="14"
            y="7"
            width="1"
            height="1"
            style="fill:white;stroke-width:0.1;stroke:white"
      >
      </rect>
      <rect x="13"
            y="7"
            width="1"
            height="1"
            style="fill:white;stroke-width:0.1;stroke:white"
      >
      </rect>
      <rect x="13"
            y="8"
            width="1"
            height="1"
            style="fill:white;stroke-width:0.1;stroke:white"
      >
      </rect>
      <rect x="13"
            y="9"
            width="1"
            height="1"
            style="fill:white;stroke-width:0.1;stroke:white"
      >
      </rect>
      <rect x="14"
            y="9"
            width="1"
            height="1"
            style="fill:white;stroke-width:0.1;stroke:white"
      >
      </rect>
      <rect x="15"
            y="9"
            width="1"
            height="1"
            style="fill:white;stroke-width:0.1;stroke:white"
      >
      </rect>
      <rect x="16"
            y="9"
            width="1"
            height="1"
            style="fill:white;stroke-width:0.1;stroke:white"
      >
      </rect>
      <rect x="17"
            y="9"
            width="1"
            height="1"
            style="fill:white;stroke-width:0.1;stroke:white"
      >
      </rect>
      <rect x="17"
            y="10"
            width="1"
            height="1"
            style="fill:white;stroke-width:0.1;stroke:white"
      >
      </rect>
      <rect x="17"
            y="11"
            width="1"
            height="1"
            style="fill:white;stroke-width:0.1;stroke:white"
      >
      </rect>
      <rect x="16"
            y="11"
            width="1"
            height="1"
            style="fill:white;stroke-width:0.1;stroke:white"
      >
      </rect>
      <rect x="15"
            y="11"
            width="1"
            height="1"
            style="fill:white;stroke-width:0.1;stroke:white"
      >
      </rect>
      <rect x="14"
            y="11"
            width="1"
            height="1"
            style="fill:white;stroke-width:0.1;stroke:white"
      >
      </rect>
      <rect x="13"
            y="11"
            width="1"
            height="1"
            style="fill:white;stroke-width:0.1;stroke:white"
      >
      </rect>
    </svg>
    <br>
    <br>
    &lt;Logo text="CTS" background="black" color="white" ratio={1} /&gt;
  </body>
</html>
