<!DOCTYPE html>
<html style="height: 100%;">
  <head></head>
  <body style="display: flex; flex-flow: column nowrap; justify-content: center; align-items: center; height: 100%;">
    <h2>Component Logo when rendering with styled text 'CTS' and zoom - delivers expected result (-> check snapshot, too)</h2>
    <!-- Content from unit test: -->
    <svg xmlns="http://www.w3.org/2000/svg" width="95" height="35" style="background-color:black">
      <rect x="25" y="5" width="5" height="5" style="fill:white;stroke-width:0.5;stroke:white"></rect>
      <rect x="20" y="5" width="5" height="5" style="fill:white;stroke-width:0.5;stroke:white"></rect>
      <rect x="15" y="5" width="5" height="5" style="fill:white;stroke-width:0.5;stroke:white"></rect>
      <rect x="10" y="5" width="5" height="5" style="fill:white;stroke-width:0.5;stroke:white"></rect>
      <rect x="5" y="5" width="5" height="5" style="fill:white;stroke-width:0.5;stroke:white"></rect>
      <rect x="5" y="10" width="5" height="5" style="fill:white;stroke-width:0.5;stroke:white"></rect>
      <rect x="5" y="15" width="5" height="5" style="fill:white;stroke-width:0.5;stroke:white"></rect>
      <rect x="5" y="20" width="5" height="5" style="fill:white;stroke-width:0.5;stroke:white"></rect>
      <rect x="5" y="25" width="5" height="5" style="fill:white;stroke-width:0.5;stroke:white"></rect>
      <rect x="10" y="25" width="5" height="5" style="fill:white;stroke-width:0.5;stroke:white"></rect>
      <rect x="15" y="25" width="5" height="5" style="fill:white;stroke-width:0.5;stroke:white"></rect>
      <rect x="20" y="25" width="5" height="5" style="fill:white;stroke-width:0.5;stroke:white"></rect>
      <rect x="25" y="25" width="5" height="5" style="fill:white;stroke-width:0.5;stroke:white"></rect>
      <rect x="35" y="5" width="5" height="5" style="fill:white;stroke-width:0.5;stroke:white"></rect>
      <rect x="40" y="5" width="5" height="5" style="fill:white;stroke-width:0.5;stroke:white"></rect>
      <rect x="45" y="5" width="5" height="5" style="fill:white;stroke-width:0.5;stroke:white"></rect>
      <rect x="50" y="5" width="5" height="5" style="fill:white;stroke-width:0.5;stroke:white"></rect>
      <rect x="55" y="5" width="5" height="5" style="fill:white;stroke-width:0.5;stroke:white"></rect>
      <rect x="45" y="10" width="5" height="5" style="fill:white;stroke-width:0.5;stroke:white"></rect>
      <rect x="45" y="15" width="5" height="5" style="fill:white;stroke-width:0.5;stroke:white"></rect>
      <rect x="45" y="20" width="5" height="5" style="fill:white;stroke-width:0.5;stroke:white"></rect>
      <rect x="45" y="25" width="5" height="5" style="fill:white;stroke-width:0.5;stroke:white"></rect>
      <rect x="85" y="5" width="5" height="5" style="fill:white;stroke-width:0.5;stroke:white"></rect>
      <rect x="80" y="5" width="5" height="5" style="fill:white;stroke-width:0.5;stroke:white"></rect>
      <rect x="75" y="5" width="5" height="5" style="fill:white;stroke-width:0.5;stroke:white"></rect>
      <rect x="70" y="5" width="5" height="5" style="fill:white;stroke-width:0.5;stroke:white"></rect>
      <rect x="65" y="5" width="5" height="5" style="fill:white;stroke-width:0.5;stroke:white"></rect>
      <rect x="65" y="10" width="5" height="5" style="fill:white;stroke-width:0.5;stroke:white"></rect>
      <rect x="65" y="15" width="5" height="5" style="fill:white;stroke-width:0.5;stroke:white"></rect>
      <rect x="70" y="15" width="5" height="5" style="fill:white;stroke-width:0.5;stroke:white"></rect>
      <rect x="75" y="15" width="5" height="5" style="fill:white;stroke-width:0.5;stroke:white"></rect>
      <rect x="80" y="15" width="5" height="5" style="fill:white;stroke-width:0.5;stroke:white"></rect>
      <rect x="85" y="15" width="5" height="5" style="fill:white;stroke-width:0.5;stroke:white"></rect>
      <rect x="85" y="20" width="5" height="5" style="fill:white;stroke-width:0.5;stroke:white"></rect>
      <rect x="85" y="25" width="5" height="5" style="fill:white;stroke-width:0.5;stroke:white"></rect>
      <rect x="80" y="25" width="5" height="5" style="fill:white;stroke-width:0.5;stroke:white"></rect>
      <rect x="75" y="25" width="5" height="5" style="fill:white;stroke-width:0.5;stroke:white"></rect>
      <rect x="70" y="25" width="5" height="5" style="fill:white;stroke-width:0.5;stroke:white"></rect>
      <rect x="65" y="25" width="5" height="5" style="fill:white;stroke-width:0.5;stroke:white"></rect></svg
    ><br /><br />&lt;Logo text="CTS" background="black" color="white" zoom={5} /&gt;
    <!-- End of included content -->
  </body>
</html>
