<!DOCTYPE html>
<html style="height: 100%;">
  <head></head>
  <body style="display: flex; flex-flow: column nowrap; justify-content: center; align-items: center; height: 100%;">
    <h2>Component Logo when rendering with example text 'CTS' - delivers expected result (-> check snapshot, too)</h2>
    <!-- Content from unit test: -->
    <svg xmlns="http://www.w3.org/2000/svg" width="19" height="7" style="background-color:white">
      <rect x="5" y="1" width="1" height="1" style="fill:black;stroke-width:0.1;stroke:black"></rect>
      <rect x="4" y="1" width="1" height="1" style="fill:black;stroke-width:0.1;stroke:black"></rect>
      <rect x="3" y="1" width="1" height="1" style="fill:black;stroke-width:0.1;stroke:black"></rect>
      <rect x="2" y="1" width="1" height="1" style="fill:black;stroke-width:0.1;stroke:black"></rect>
      <rect x="1" y="1" width="1" height="1" style="fill:black;stroke-width:0.1;stroke:black"></rect>
      <rect x="1" y="2" width="1" height="1" style="fill:black;stroke-width:0.1;stroke:black"></rect>
      <rect x="1" y="3" width="1" height="1" style="fill:black;stroke-width:0.1;stroke:black"></rect>
      <rect x="1" y="4" width="1" height="1" style="fill:black;stroke-width:0.1;stroke:black"></rect>
      <rect x="1" y="5" width="1" height="1" style="fill:black;stroke-width:0.1;stroke:black"></rect>
      <rect x="2" y="5" width="1" height="1" style="fill:black;stroke-width:0.1;stroke:black"></rect>
      <rect x="3" y="5" width="1" height="1" style="fill:black;stroke-width:0.1;stroke:black"></rect>
      <rect x="4" y="5" width="1" height="1" style="fill:black;stroke-width:0.1;stroke:black"></rect>
      <rect x="5" y="5" width="1" height="1" style="fill:black;stroke-width:0.1;stroke:black"></rect>
      <rect x="7" y="1" width="1" height="1" style="fill:black;stroke-width:0.1;stroke:black"></rect>
      <rect x="8" y="1" width="1" height="1" style="fill:black;stroke-width:0.1;stroke:black"></rect>
      <rect x="9" y="1" width="1" height="1" style="fill:black;stroke-width:0.1;stroke:black"></rect>
      <rect x="10" y="1" width="1" height="1" style="fill:black;stroke-width:0.1;stroke:black"></rect>
      <rect x="11" y="1" width="1" height="1" style="fill:black;stroke-width:0.1;stroke:black"></rect>
      <rect x="9" y="2" width="1" height="1" style="fill:black;stroke-width:0.1;stroke:black"></rect>
      <rect x="9" y="3" width="1" height="1" style="fill:black;stroke-width:0.1;stroke:black"></rect>
      <rect x="9" y="4" width="1" height="1" style="fill:black;stroke-width:0.1;stroke:black"></rect>
      <rect x="9" y="5" width="1" height="1" style="fill:black;stroke-width:0.1;stroke:black"></rect>
      <rect x="17" y="1" width="1" height="1" style="fill:black;stroke-width:0.1;stroke:black"></rect>
      <rect x="16" y="1" width="1" height="1" style="fill:black;stroke-width:0.1;stroke:black"></rect>
      <rect x="15" y="1" width="1" height="1" style="fill:black;stroke-width:0.1;stroke:black"></rect>
      <rect x="14" y="1" width="1" height="1" style="fill:black;stroke-width:0.1;stroke:black"></rect>
      <rect x="13" y="1" width="1" height="1" style="fill:black;stroke-width:0.1;stroke:black"></rect>
      <rect x="13" y="2" width="1" height="1" style="fill:black;stroke-width:0.1;stroke:black"></rect>
      <rect x="13" y="3" width="1" height="1" style="fill:black;stroke-width:0.1;stroke:black"></rect>
      <rect x="14" y="3" width="1" height="1" style="fill:black;stroke-width:0.1;stroke:black"></rect>
      <rect x="15" y="3" width="1" height="1" style="fill:black;stroke-width:0.1;stroke:black"></rect>
      <rect x="16" y="3" width="1" height="1" style="fill:black;stroke-width:0.1;stroke:black"></rect>
      <rect x="17" y="3" width="1" height="1" style="fill:black;stroke-width:0.1;stroke:black"></rect>
      <rect x="17" y="4" width="1" height="1" style="fill:black;stroke-width:0.1;stroke:black"></rect>
      <rect x="17" y="5" width="1" height="1" style="fill:black;stroke-width:0.1;stroke:black"></rect>
      <rect x="16" y="5" width="1" height="1" style="fill:black;stroke-width:0.1;stroke:black"></rect>
      <rect x="15" y="5" width="1" height="1" style="fill:black;stroke-width:0.1;stroke:black"></rect>
      <rect x="14" y="5" width="1" height="1" style="fill:black;stroke-width:0.1;stroke:black"></rect>
      <rect x="13" y="5" width="1" height="1" style="fill:black;stroke-width:0.1;stroke:black"></rect></svg
    ><br /><br />&lt;Logo text="CTS" /&gt;
    <!-- End of included content -->
  </body>
</html>
