
<!DOCTYPE html>
<html style="height: 100%;">
  <head>
  </head>
  <body style="display: flex; flex-flow: column nowrap; justify-content: center; align-items: center; height: 100%;">
    <h2>
      Helper component Form - when rendering with one input field - delivers expected result  (-> check snapshot)
    </h2>
    <form class="form">
      <div class="fields">
        <div class="nolabel input">
        </div>
        <input type="text"
               name="text"
               value
               class="field input"
        >
      </div>
      <div class="final">
        <input type="submit"
               value="Submit"
               class="field submit"
        >
      </div>
    </form>
    <br>
    <br>
    &lt;Form fields={{ text: { type: "input" } }} handleSubmit={() =&gt; null} />
  </body>
</html>
