
<!DOCTYPE html>
<html style="height: 100%;">
  <head>
  </head>
  <body style="display: flex; flex-flow: column nowrap; justify-content: center; align-items: center; height: 100%;">
    <h2>
      Component Logo when rendering with two lines text 'CTS 2020' - delivers expected result  (-> check snapshot, too)
    </h2>
    <svg xmlns="http://www.w3.org/2000/svg"
         width="25"
         height="13"
         style="background-color:black"
    >
      <rect x="8"
            y="1"
            width="1"
            height="1"
            style="fill:red;stroke-width:0.1;stroke:red"
      >
      </rect>
      <rect x="7"
            y="1"
            width="1"
            height="1"
            style="fill:red;stroke-width:0.1;stroke:red"
      >
      </rect>
      <rect x="6"
            y="1"
            width="1"
            height="1"
            style="fill:red;stroke-width:0.1;stroke:red"
      >
      </rect>
      <rect x="5"
            y="1"
            width="1"
            height="1"
            style="fill:red;stroke-width:0.1;stroke:red"
      >
      </rect>
      <rect x="4"
            y="1"
            width="1"
            height="1"
            style="fill:red;stroke-width:0.1;stroke:red"
      >
      </rect>
      <rect x="4"
            y="2"
            width="1"
            height="1"
            style="fill:red;stroke-width:0.1;stroke:red"
      >
      </rect>
      <rect x="4"
            y="3"
            width="1"
            height="1"
            style="fill:red;stroke-width:0.1;stroke:red"
      >
      </rect>
      <rect x="4"
            y="4"
            width="1"
            height="1"
            style="fill:red;stroke-width:0.1;stroke:red"
      >
      </rect>
      <rect x="4"
            y="5"
            width="1"
            height="1"
            style="fill:red;stroke-width:0.1;stroke:red"
      >
      </rect>
      <rect x="5"
            y="5"
            width="1"
            height="1"
            style="fill:red;stroke-width:0.1;stroke:red"
      >
      </rect>
      <rect x="6"
            y="5"
            width="1"
            height="1"
            style="fill:red;stroke-width:0.1;stroke:red"
      >
      </rect>
      <rect x="7"
            y="5"
            width="1"
            height="1"
            style="fill:red;stroke-width:0.1;stroke:red"
      >
      </rect>
      <rect x="8"
            y="5"
            width="1"
            height="1"
            style="fill:red;stroke-width:0.1;stroke:red"
      >
      </rect>
      <rect x="10"
            y="1"
            width="1"
            height="1"
            style="fill:red;stroke-width:0.1;stroke:red"
      >
      </rect>
      <rect x="11"
            y="1"
            width="1"
            height="1"
            style="fill:red;stroke-width:0.1;stroke:red"
      >
      </rect>
      <rect x="12"
            y="1"
            width="1"
            height="1"
            style="fill:red;stroke-width:0.1;stroke:red"
      >
      </rect>
      <rect x="13"
            y="1"
            width="1"
            height="1"
            style="fill:red;stroke-width:0.1;stroke:red"
      >
      </rect>
      <rect x="14"
            y="1"
            width="1"
            height="1"
            style="fill:red;stroke-width:0.1;stroke:red"
      >
      </rect>
      <rect x="12"
            y="2"
            width="1"
            height="1"
            style="fill:red;stroke-width:0.1;stroke:red"
      >
      </rect>
      <rect x="12"
            y="3"
            width="1"
            height="1"
            style="fill:red;stroke-width:0.1;stroke:red"
      >
      </rect>
      <rect x="12"
            y="4"
            width="1"
            height="1"
            style="fill:red;stroke-width:0.1;stroke:red"
      >
      </rect>
      <rect x="12"
            y="5"
            width="1"
            height="1"
            style="fill:red;stroke-width:0.1;stroke:red"
      >
      </rect>
      <rect x="20"
            y="1"
            width="1"
            height="1"
            style="fill:red;stroke-width:0.1;stroke:red"
      >
      </rect>
      <rect x="19"
            y="1"
            width="1"
            height="1"
            style="fill:red;stroke-width:0.1;stroke:red"
      >
      </rect>
      <rect x="18"
            y="1"
            width="1"
            height="1"
            style="fill:red;stroke-width:0.1;stroke:red"
      >
      </rect>
      <rect x="17"
            y="1"
            width="1"
            height="1"
            style="fill:red;stroke-width:0.1;stroke:red"
      >
      </rect>
      <rect x="16"
            y="1"
            width="1"
            height="1"
            style="fill:red;stroke-width:0.1;stroke:red"
      >
      </rect>
      <rect x="16"
            y="2"
            width="1"
            height="1"
            style="fill:red;stroke-width:0.1;stroke:red"
      >
      </rect>
      <rect x="16"
            y="3"
            width="1"
            height="1"
            style="fill:red;stroke-width:0.1;stroke:red"
      >
      </rect>
      <rect x="17"
            y="3"
            width="1"
            height="1"
            style="fill:red;stroke-width:0.1;stroke:red"
      >
      </rect>
      <rect x="18"
            y="3"
            width="1"
            height="1"
            style="fill:red;stroke-width:0.1;stroke:red"
      >
      </rect>
      <rect x="19"
            y="3"
            width="1"
            height="1"
            style="fill:red;stroke-width:0.1;stroke:red"
      >
      </rect>
      <rect x="20"
            y="3"
            width="1"
            height="1"
            style="fill:red;stroke-width:0.1;stroke:red"
      >
      </rect>
      <rect x="20"
            y="4"
            width="1"
            height="1"
            style="fill:red;stroke-width:0.1;stroke:red"
      >
      </rect>
      <rect x="20"
            y="5"
            width="1"
            height="1"
            style="fill:red;stroke-width:0.1;stroke:red"
      >
      </rect>
      <rect x="19"
            y="5"
            width="1"
            height="1"
            style="fill:red;stroke-width:0.1;stroke:red"
      >
      </rect>
      <rect x="18"
            y="5"
            width="1"
            height="1"
            style="fill:red;stroke-width:0.1;stroke:red"
      >
      </rect>
      <rect x="17"
            y="5"
            width="1"
            height="1"
            style="fill:red;stroke-width:0.1;stroke:red"
      >
      </rect>
      <rect x="16"
            y="5"
            width="1"
            height="1"
            style="fill:red;stroke-width:0.1;stroke:red"
      >
      </rect>
      <rect x="1"
            y="7"
            width="1"
            height="1"
            style="fill:red;stroke-width:0.1;stroke:red"
      >
      </rect>
      <rect x="2"
            y="7"
            width="1"
            height="1"
            style="fill:red;stroke-width:0.1;stroke:red"
      >
      </rect>
      <rect x="3"
            y="7"
            width="1"
            height="1"
            style="fill:red;stroke-width:0.1;stroke:red"
      >
      </rect>
      <rect x="4"
            y="7"
            width="1"
            height="1"
            style="fill:red;stroke-width:0.1;stroke:red"
      >
      </rect>
      <rect x="5"
            y="7"
            width="1"
            height="1"
            style="fill:red;stroke-width:0.1;stroke:red"
      >
      </rect>
      <rect x="5"
            y="8"
            width="1"
            height="1"
            style="fill:red;stroke-width:0.1;stroke:red"
      >
      </rect>
      <rect x="5"
            y="9"
            width="1"
            height="1"
            style="fill:red;stroke-width:0.1;stroke:red"
      >
      </rect>
      <rect x="4"
            y="9"
            width="1"
            height="1"
            style="fill:red;stroke-width:0.1;stroke:red"
      >
      </rect>
      <rect x="3"
            y="9"
            width="1"
            height="1"
            style="fill:red;stroke-width:0.1;stroke:red"
      >
      </rect>
      <rect x="2"
            y="9"
            width="1"
            height="1"
            style="fill:red;stroke-width:0.1;stroke:red"
      >
      </rect>
      <rect x="2"
            y="10"
            width="1"
            height="1"
            style="fill:red;stroke-width:0.1;stroke:red"
      >
      </rect>
      <rect x="2"
            y="11"
            width="1"
            height="1"
            style="fill:red;stroke-width:0.1;stroke:red"
      >
      </rect>
      <rect x="3"
            y="11"
            width="1"
            height="1"
            style="fill:red;stroke-width:0.1;stroke:red"
      >
      </rect>
      <rect x="4"
            y="11"
            width="1"
            height="1"
            style="fill:red;stroke-width:0.1;stroke:red"
      >
      </rect>
      <rect x="5"
            y="11"
            width="1"
            height="1"
            style="fill:red;stroke-width:0.1;stroke:red"
      >
      </rect>
      <rect x="11"
            y="7"
            width="1"
            height="1"
            style="fill:red;stroke-width:0.1;stroke:red"
      >
      </rect>
      <rect x="10"
            y="7"
            width="1"
            height="1"
            style="fill:red;stroke-width:0.1;stroke:red"
      >
      </rect>
      <rect x="9"
            y="7"
            width="1"
            height="1"
            style="fill:red;stroke-width:0.1;stroke:red"
      >
      </rect>
      <rect x="8"
            y="7"
            width="1"
            height="1"
            style="fill:red;stroke-width:0.1;stroke:red"
      >
      </rect>
      <rect x="7"
            y="7"
            width="1"
            height="1"
            style="fill:red;stroke-width:0.1;stroke:red"
      >
      </rect>
      <rect x="7"
            y="8"
            width="1"
            height="1"
            style="fill:red;stroke-width:0.1;stroke:red"
      >
      </rect>
      <rect x="7"
            y="9"
            width="1"
            height="1"
            style="fill:red;stroke-width:0.1;stroke:red"
      >
      </rect>
      <rect x="7"
            y="10"
            width="1"
            height="1"
            style="fill:red;stroke-width:0.1;stroke:red"
      >
      </rect>
      <rect x="7"
            y="11"
            width="1"
            height="1"
            style="fill:red;stroke-width:0.1;stroke:red"
      >
      </rect>
      <rect x="8"
            y="11"
            width="1"
            height="1"
            style="fill:red;stroke-width:0.1;stroke:red"
      >
      </rect>
      <rect x="9"
            y="11"
            width="1"
            height="1"
            style="fill:red;stroke-width:0.1;stroke:red"
      >
      </rect>
      <rect x="9"
            y="10"
            width="1"
            height="1"
            style="fill:red;stroke-width:0.1;stroke:red"
      >
      </rect>
      <rect x="8"
            y="9"
            width="1"
            height="1"
            style="fill:red;stroke-width:0.1;stroke:red"
      >
      </rect>
      <rect x="10"
            y="11"
            width="1"
            height="1"
            style="fill:red;stroke-width:0.1;stroke:red"
      >
      </rect>
      <rect x="11"
            y="11"
            width="1"
            height="1"
            style="fill:red;stroke-width:0.1;stroke:red"
      >
      </rect>
      <rect x="11"
            y="10"
            width="1"
            height="1"
            style="fill:red;stroke-width:0.1;stroke:red"
      >
      </rect>
      <rect x="11"
            y="9"
            width="1"
            height="1"
            style="fill:red;stroke-width:0.1;stroke:red"
      >
      </rect>
      <rect x="11"
            y="8"
            width="1"
            height="1"
            style="fill:red;stroke-width:0.1;stroke:red"
      >
      </rect>
      <rect x="13"
            y="7"
            width="1"
            height="1"
            style="fill:red;stroke-width:0.1;stroke:red"
      >
      </rect>
      <rect x="14"
            y="7"
            width="1"
            height="1"
            style="fill:red;stroke-width:0.1;stroke:red"
      >
      </rect>
      <rect x="15"
            y="7"
            width="1"
            height="1"
            style="fill:red;stroke-width:0.1;stroke:red"
      >
      </rect>
      <rect x="16"
            y="7"
            width="1"
            height="1"
            style="fill:red;stroke-width:0.1;stroke:red"
      >
      </rect>
      <rect x="17"
            y="7"
            width="1"
            height="1"
            style="fill:red;stroke-width:0.1;stroke:red"
      >
      </rect>
      <rect x="17"
            y="8"
            width="1"
            height="1"
            style="fill:red;stroke-width:0.1;stroke:red"
      >
      </rect>
      <rect x="17"
            y="9"
            width="1"
            height="1"
            style="fill:red;stroke-width:0.1;stroke:red"
      >
      </rect>
      <rect x="16"
            y="9"
            width="1"
            height="1"
            style="fill:red;stroke-width:0.1;stroke:red"
      >
      </rect>
      <rect x="15"
            y="9"
            width="1"
            height="1"
            style="fill:red;stroke-width:0.1;stroke:red"
      >
      </rect>
      <rect x="14"
            y="9"
            width="1"
            height="1"
            style="fill:red;stroke-width:0.1;stroke:red"
      >
      </rect>
      <rect x="14"
            y="10"
            width="1"
            height="1"
            style="fill:red;stroke-width:0.1;stroke:red"
      >
      </rect>
      <rect x="14"
            y="11"
            width="1"
            height="1"
            style="fill:red;stroke-width:0.1;stroke:red"
      >
      </rect>
      <rect x="15"
            y="11"
            width="1"
            height="1"
            style="fill:red;stroke-width:0.1;stroke:red"
      >
      </rect>
      <rect x="16"
            y="11"
            width="1"
            height="1"
            style="fill:red;stroke-width:0.1;stroke:red"
      >
      </rect>
      <rect x="17"
            y="11"
            width="1"
            height="1"
            style="fill:red;stroke-width:0.1;stroke:red"
      >
      </rect>
      <rect x="23"
            y="7"
            width="1"
            height="1"
            style="fill:red;stroke-width:0.1;stroke:red"
      >
      </rect>
      <rect x="22"
            y="7"
            width="1"
            height="1"
            style="fill:red;stroke-width:0.1;stroke:red"
      >
      </rect>
      <rect x="21"
            y="7"
            width="1"
            height="1"
            style="fill:red;stroke-width:0.1;stroke:red"
      >
      </rect>
      <rect x="20"
            y="7"
            width="1"
            height="1"
            style="fill:red;stroke-width:0.1;stroke:red"
      >
      </rect>
      <rect x="19"
            y="7"
            width="1"
            height="1"
            style="fill:red;stroke-width:0.1;stroke:red"
      >
      </rect>
      <rect x="19"
            y="8"
            width="1"
            height="1"
            style="fill:red;stroke-width:0.1;stroke:red"
      >
      </rect>
      <rect x="19"
            y="9"
            width="1"
            height="1"
            style="fill:red;stroke-width:0.1;stroke:red"
      >
      </rect>
      <rect x="19"
            y="10"
            width="1"
            height="1"
            style="fill:red;stroke-width:0.1;stroke:red"
      >
      </rect>
      <rect x="19"
            y="11"
            width="1"
            height="1"
            style="fill:red;stroke-width:0.1;stroke:red"
      >
      </rect>
      <rect x="20"
            y="11"
            width="1"
            height="1"
            style="fill:red;stroke-width:0.1;stroke:red"
      >
      </rect>
      <rect x="21"
            y="11"
            width="1"
            height="1"
            style="fill:red;stroke-width:0.1;stroke:red"
      >
      </rect>
      <rect x="21"
            y="10"
            width="1"
            height="1"
            style="fill:red;stroke-width:0.1;stroke:red"
      >
      </rect>
      <rect x="20"
            y="9"
            width="1"
            height="1"
            style="fill:red;stroke-width:0.1;stroke:red"
      >
      </rect>
      <rect x="22"
            y="11"
            width="1"
            height="1"
            style="fill:red;stroke-width:0.1;stroke:red"
      >
      </rect>
      <rect x="23"
            y="11"
            width="1"
            height="1"
            style="fill:red;stroke-width:0.1;stroke:red"
      >
      </rect>
      <rect x="23"
            y="10"
            width="1"
            height="1"
            style="fill:red;stroke-width:0.1;stroke:red"
      >
      </rect>
      <rect x="23"
            y="9"
            width="1"
            height="1"
            style="fill:red;stroke-width:0.1;stroke:red"
      >
      </rect>
      <rect x="23"
            y="8"
            width="1"
            height="1"
            style="fill:red;stroke-width:0.1;stroke:red"
      >
      </rect>
    </svg>
    <br>
    <br>
    &lt;Logo text={"CTS\n2020"} background="black" color="red" /&gt;
  </body>
</html>
