
<!DOCTYPE html>
<html style="height: 100%;">
  <head>
  </head>
  <body style="display: flex; flex-flow: column nowrap; justify-content: center; align-items: center; height: 100%;">
    <h2>
      Component Logo when rendering with minimal properties - delivers expected result  (-> check snapshot, too)
    </h2>
    <div class="empty-svg">
    </div>
    <br>
    <br>
    &lt;Logo text="" /&gt;
  </body>
</html>
