
<!DOCTYPE html>
<html style="height: 100%;">
  <head>
  </head>
  <body style="display: flex; flex-flow: column nowrap; justify-content: center; align-items: center; height: 100%;">
    <h2>
      Component Logo when rendering with styled text 'CTS', zoom and ratio - delivers expected result  (-> check snapshot, too)
    </h2>
    <svg xmlns="http://www.w3.org/2000/svg"
         width="95"
         height="95"
         style="background-color:yellow"
    >
      <rect x="55"
            y="5"
            width="5"
            height="5"
            style="fill:brown;stroke-width:0.5;stroke:brown"
      >
      </rect>
      <rect x="50"
            y="5"
            width="5"
            height="5"
            style="fill:brown;stroke-width:0.5;stroke:brown"
      >
      </rect>
      <rect x="45"
            y="5"
            width="5"
            height="5"
            style="fill:brown;stroke-width:0.5;stroke:brown"
      >
      </rect>
      <rect x="40"
            y="5"
            width="5"
            height="5"
            style="fill:brown;stroke-width:0.5;stroke:brown"
      >
      </rect>
      <rect x="35"
            y="5"
            width="5"
            height="5"
            style="fill:brown;stroke-width:0.5;stroke:brown"
      >
      </rect>
      <rect x="35"
            y="10"
            width="5"
            height="5"
            style="fill:brown;stroke-width:0.5;stroke:brown"
      >
      </rect>
      <rect x="35"
            y="15"
            width="5"
            height="5"
            style="fill:brown;stroke-width:0.5;stroke:brown"
      >
      </rect>
      <rect x="35"
            y="20"
            width="5"
            height="5"
            style="fill:brown;stroke-width:0.5;stroke:brown"
      >
      </rect>
      <rect x="35"
            y="25"
            width="5"
            height="5"
            style="fill:brown;stroke-width:0.5;stroke:brown"
      >
      </rect>
      <rect x="40"
            y="25"
            width="5"
            height="5"
            style="fill:brown;stroke-width:0.5;stroke:brown"
      >
      </rect>
      <rect x="45"
            y="25"
            width="5"
            height="5"
            style="fill:brown;stroke-width:0.5;stroke:brown"
      >
      </rect>
      <rect x="50"
            y="25"
            width="5"
            height="5"
            style="fill:brown;stroke-width:0.5;stroke:brown"
      >
      </rect>
      <rect x="55"
            y="25"
            width="5"
            height="5"
            style="fill:brown;stroke-width:0.5;stroke:brown"
      >
      </rect>
      <rect x="35"
            y="35"
            width="5"
            height="5"
            style="fill:brown;stroke-width:0.5;stroke:brown"
      >
      </rect>
      <rect x="40"
            y="35"
            width="5"
            height="5"
            style="fill:brown;stroke-width:0.5;stroke:brown"
      >
      </rect>
      <rect x="45"
            y="35"
            width="5"
            height="5"
            style="fill:brown;stroke-width:0.5;stroke:brown"
      >
      </rect>
      <rect x="50"
            y="35"
            width="5"
            height="5"
            style="fill:brown;stroke-width:0.5;stroke:brown"
      >
      </rect>
      <rect x="55"
            y="35"
            width="5"
            height="5"
            style="fill:brown;stroke-width:0.5;stroke:brown"
      >
      </rect>
      <rect x="45"
            y="40"
            width="5"
            height="5"
            style="fill:brown;stroke-width:0.5;stroke:brown"
      >
      </rect>
      <rect x="45"
            y="45"
            width="5"
            height="5"
            style="fill:brown;stroke-width:0.5;stroke:brown"
      >
      </rect>
      <rect x="45"
            y="50"
            width="5"
            height="5"
            style="fill:brown;stroke-width:0.5;stroke:brown"
      >
      </rect>
      <rect x="45"
            y="55"
            width="5"
            height="5"
            style="fill:brown;stroke-width:0.5;stroke:brown"
      >
      </rect>
      <rect x="55"
            y="65"
            width="5"
            height="5"
            style="fill:brown;stroke-width:0.5;stroke:brown"
      >
      </rect>
      <rect x="50"
            y="65"
            width="5"
            height="5"
            style="fill:brown;stroke-width:0.5;stroke:brown"
      >
      </rect>
      <rect x="45"
            y="65"
            width="5"
            height="5"
            style="fill:brown;stroke-width:0.5;stroke:brown"
      >
      </rect>
      <rect x="40"
            y="65"
            width="5"
            height="5"
            style="fill:brown;stroke-width:0.5;stroke:brown"
      >
      </rect>
      <rect x="35"
            y="65"
            width="5"
            height="5"
            style="fill:brown;stroke-width:0.5;stroke:brown"
      >
      </rect>
      <rect x="35"
            y="70"
            width="5"
            height="5"
            style="fill:brown;stroke-width:0.5;stroke:brown"
      >
      </rect>
      <rect x="35"
            y="75"
            width="5"
            height="5"
            style="fill:brown;stroke-width:0.5;stroke:brown"
      >
      </rect>
      <rect x="40"
            y="75"
            width="5"
            height="5"
            style="fill:brown;stroke-width:0.5;stroke:brown"
      >
      </rect>
      <rect x="45"
            y="75"
            width="5"
            height="5"
            style="fill:brown;stroke-width:0.5;stroke:brown"
      >
      </rect>
      <rect x="50"
            y="75"
            width="5"
            height="5"
            style="fill:brown;stroke-width:0.5;stroke:brown"
      >
      </rect>
      <rect x="55"
            y="75"
            width="5"
            height="5"
            style="fill:brown;stroke-width:0.5;stroke:brown"
      >
      </rect>
      <rect x="55"
            y="80"
            width="5"
            height="5"
            style="fill:brown;stroke-width:0.5;stroke:brown"
      >
      </rect>
      <rect x="55"
            y="85"
            width="5"
            height="5"
            style="fill:brown;stroke-width:0.5;stroke:brown"
      >
      </rect>
      <rect x="50"
            y="85"
            width="5"
            height="5"
            style="fill:brown;stroke-width:0.5;stroke:brown"
      >
      </rect>
      <rect x="45"
            y="85"
            width="5"
            height="5"
            style="fill:brown;stroke-width:0.5;stroke:brown"
      >
      </rect>
      <rect x="40"
            y="85"
            width="5"
            height="5"
            style="fill:brown;stroke-width:0.5;stroke:brown"
      >
      </rect>
      <rect x="35"
            y="85"
            width="5"
            height="5"
            style="fill:brown;stroke-width:0.5;stroke:brown"
      >
      </rect>
    </svg>
    <br>
    <br>
    &lt;Logo text={"C\nT\nS"} background="yellow" color="brown" zoom={5} ratio={1} /&gt;
  </body>
</html>
